yarn run v1.19.1
$ set NODE_ENV=test&&sequelize db:migrate

[4mSequelize CLI [Node: 10.16.0, CLI: 5.5.1, ORM: 5.21.5][24m

===>config {"NODE_ENV":"test","dialect":"sqlite"}
Loaded configuration file "src\config\database.js".
No migrations were executed, database schema was already up to date.
$ set NODE_ENV=test&&jest
-------------------------------|---------|----------|---------|---------|-----------------------------------------------------------------------------------------------------------------------------------------------------------------------------------------------------------------------------------
File                           | % Stmts | % Branch | % Funcs | % Lines | Uncovered Line #s                                                                                                                                                                                                                 
-------------------------------|---------|----------|---------|---------|-----------------------------------------------------------------------------------------------------------------------------------------------------------------------------------------------------------------------------------
All files                      |   24.22 |    21.61 |      35 |   19.18 |                                                                                                                                                                                                                                   
 controllers                   |   16.56 |    17.85 |      25 |   10.69 |                                                                                                                                                                                                                                   
  CarriageController.js        |   35.29 |     37.5 |      50 |      25 | 9-11,13,29,31,35,40,41,44,46,47,50,57,59                                                                                                                                                                                          
  CarriageFinishController.js  |   42.31 |    42.86 |   66.67 |   33.33 | 9,11,13,14,17,19,26,28                                                                                                                                                                                                            
  CarriageInitController.js    |   42.31 |    42.86 |   66.67 |   33.33 | 9,11,13,14,17,19,26,28                                                                                                                                                                                                            
  CheckinController.js         |       0 |        0 |       0 |       0 | 1,2,4,5,9,13,14,17,19,32,33,38,39,41,45,51,55,56,59,60,62,71,73,77                                                                                                                                                                
  DeliveryController.js        |   20.83 |       25 |   28.57 |   11.43 | 8,14,15,20,26,32,33,35,51,53,57,61,62,65,66,68,69,72,76,81,82,85,87,88,91,98,100,106,108,109,111                                                                                                                                  
  DeliveryProblemController.js |      25 |       30 |   28.57 |   14.71 | 8,12,13,18,23,29,31,46,48,52,54,66,68,72,77,78,81,83,84,87,94,96,102-104,107,109,110,112                                                                                                                                          
  DeliverymanController.js     |   19.61 |    23.08 |   28.57 |   10.53 | 8,13,14,17,21,22,27,29,35,36,38,54,56,60,64,65,68,69,71,72,75,79,84,85,88,90,91,94,101,103,109,111,112,114                                                                                                                        
  HelpAnswerController.js      |       0 |        0 |       0 |       0 | 1,3-5,7,8,12,16,17,20-23,25,30,45,50,54,58,59,62,64,78,80,84                                                                                                                                                                      
  HelpQuestionController.js    |       0 |        0 |       0 |       0 | 1,3,4,6,10,14,15,18-20,22,24,30,34,35,38,39,41,55,57,61                                                                                                                                                                           
  IdentifierController.js      |       0 |        0 |       0 |       0 | 1-3,7,11,12,15,17,29,31,32,35,36,41,45                                                                                                                                                                                            
  PlanController.js            |       0 |        0 |       0 |       0 | 1,2,6,14,15,18,20,21,26,28,37,39,45,46,52,54,56,60,64,65,68,69,71,72,75,79,87,88,91,93,94,97,107,109,118,120,121,123,127                                                                                                          
  RecipientController.js       |   19.61 |    23.08 |   28.57 |   10.53 | 8,17,18,21,27,28,33,35,41,42,44,60,62,66,70,71,74,75,77,78,81,85,94,95,98,100,101,104,111,113,119,121,122,124                                                                                                                     
  RegistrationController.js    |       0 |        0 |       0 |       0 | 1,2,4-6,8,9,13,19,20,23,28,32,33,41,45,46,52,53,58,59,61,65,80,85,91,95,96,99,101,121,123,127,131,132,135,137,154,155,158,165,171,172,175,176,179,181,182,187,188,194,198,199,205,206,211,212,215,216,219,223,230,232,233,235,239 
  SessionController.js         |   64.52 |    55.56 |     100 |      75 | 28,29,32,34                                                                                                                                                                                                                       
  UserController.js            |   23.08 |       20 |   33.33 |   11.54 | 6,16,17,20,22,23,28,30,38,45,48,53,54,57,59,61,62,64,65,69,70,73,75                                                                                                                                                               
 jobs                          |       0 |        0 |       0 |       0 |                                                                                                                                                                                                                                   
  HelpMail.js                  |       0 |        0 |       0 |       0 | 1-3,7,11,13,29                                                                                                                                                                                                                    
  RegistrationMail.js          |       0 |        0 |       0 |       0 | 1-3,7,11,13,28                                                                                                                                                                                                                    
 middlewares                   |   82.35 |    83.33 |     100 |   76.92 |                                                                                                                                                                                                                                   
  auth.js                      |   82.35 |    83.33 |     100 |   76.92 | 10,18,20                                                                                                                                                                                                                          
 models                        |   95.16 |    68.18 |    87.5 |   92.86 |                                                                                                                                                                                                                                   
  Delivery.js                  |     100 |       75 |     100 |     100 | 1                                                                                                                                                                                                                                 
  DeliveryProblem.js           |     100 |       75 |     100 |     100 | 1                                                                                                                                                                                                                                 
  Deliveryman.js               |     100 |       75 |     100 |     100 | 1                                                                                                                                                                                                                                 
  Recipient.js                 |     100 |       75 |     100 |     100 | 1                                                                                                                                                                                                                                 
  User.js                      |   76.92 |       50 |      50 |   66.67 | 19,20,28                                                                                                                                                                                                                          
-------------------------------|---------|----------|---------|---------|-----------------------------------------------------------------------------------------------------------------------------------------------------------------------------------------------------------------------------------
info Visit https://yarnpkg.com/en/docs/cli/run for documentation about this command.
